Resolved 20 packages in 178ms
Prepared 4 packages in 22ms
Installed 20 packages in 38ms
 + annotated-types==0.8.0
 + attrs==26.1.0
 + jsonschema==4.26.0
 + jsonschema-path==0.5.0
 + jsonschema-specifications==2025.9.1
 + lazy-object-proxy==1.12.0
 + openapi-schema-validator==0.9.0
 + openapi-spec-validator==0.9.0
 + pathable==0.6.0
 + pydantic==2.13.5
 + pydantic-core==2.46.5
 + pydantic-settings==2.15.0
 + python-dotenv==1.2.3
 + pyyaml==6.0.3
 + referencing==0.37.0
 + rfc3339-validator==0.1.4
 + rpds-py==0.30.0
 + six==1.17.0
 + typing-extensions==4.16.0
 + typing-inspection==0.4.4
