"POST /E2-3/interest-generation-runs HTTP/1.1" 200 -
"POST /E2-3/interest-generation-runs HTTP/1.1" 200 -
"POST /E2-1/transaction-postings HTTP/1.1" 200 -
"POST /E2-1/interest-transaction-generations HTTP/1.1" 200 -
"POST /E2-1/transaction-reports HTTP/1.1" 500 -
"POST /E2-2/transaction-posting-runs HTTP/1.1" 200 -
"POST /E2-2/interest-generation-runs HTTP/1.1" 200 -
"POST /E2-2/transaction-report-runs HTTP/1.1" 500 -
"POST /E2-3/transaction-posting-runs HTTP/1.1" 200 -
"POST /E2-3/interest-generation-runs HTTP/1.1" 200 -
"POST /E2-3/transaction-report-runs HTTP/1.1" 500 -
"POST /E2-3/interest-generation-runs HTTP/1.1" 200 -
"POST /E2-1/transaction-postings HTTP/1.1" 200 -
"POST /E2-1/interest-transaction-generations HTTP/1.1" 200 -
"POST /E2-1/transaction-reports HTTP/1.1" 500 -
"POST /E2-2/transaction-posting-runs HTTP/1.1" 200 -
"POST /E2-2/interest-generation-runs HTTP/1.1" 200 -
"POST /E2-2/transaction-report-runs HTTP/1.1" 500 -
"POST /E2-3/transaction-posting-runs HTTP/1.1" 200 -
"POST /E2-3/interest-generation-runs HTTP/1.1" 200 -
"POST /E2-3/transaction-report-runs HTTP/1.1" 500 -
"POST /E2-3/interest-generation-runs HTTP/1.1" 200 -
"POST /E2-3/interest-generation-runs HTTP/1.1" 200 -
"POST /E2-1/transaction-postings HTTP/1.1" 200 -
"POST /E2-1/interest-transaction-generations HTTP/1.1" 200 -
"POST /E2-1/transaction-reports HTTP/1.1" 500 -
"POST /E2-2/transaction-posting-runs HTTP/1.1" 200 -
"POST /E2-2/interest-generation-runs HTTP/1.1" 200 -
"POST /E2-2/transaction-report-runs HTTP/1.1" 500 -
"POST /E2-3/transaction-posting-runs HTTP/1.1" 200 -
"POST /E2-3/interest-generation-runs HTTP/1.1" 200 -
"POST /E2-3/transaction-report-runs HTTP/1.1" 500 -
"POST /E2-1/transaction-postings HTTP/1.1" 200 -
"POST /E2-1/interest-transaction-generations HTTP/1.1" 200 -
"POST /E2-1/transaction-reports HTTP/1.1" 500 -
"POST /E2-2/transaction-posting-runs HTTP/1.1" 200 -
"POST /E2-2/interest-generation-runs HTTP/1.1" 200 -
"POST /E2-2/transaction-report-runs HTTP/1.1" 500 -
"POST /E2-3/transaction-posting-runs HTTP/1.1" 200 -
"POST /E2-3/interest-generation-runs HTTP/1.1" 200 -
"POST /E2-3/transaction-report-runs HTTP/1.1" 500 -
"POST /E2-1/transaction-postings HTTP/1.1" 200 -
"POST /E2-1/interest-transaction-generations HTTP/1.1" 200 -
"POST /E2-1/transaction-reports HTTP/1.1" 500 -
"POST /E2-2/transaction-posting-runs HTTP/1.1" 200 -
"POST /E2-2/interest-generation-runs HTTP/1.1" 200 -
"POST /E2-2/transaction-report-runs HTTP/1.1" 500 -
"POST /E2-3/transaction-posting-runs HTTP/1.1" 200 -
"POST /E2-3/interest-generation-runs HTTP/1.1" 200 -
"POST /E2-3/transaction-report-runs HTTP/1.1" 500 -
"POST /E2-3/interest-generation-runs HTTP/1.1" 200 -
"POST /E2-3/interest-generation-runs HTTP/1.1" 200 -
"POST /E2-3/interest-generation-runs HTTP/1.1" 200 -
